// Vitest Snapshot v1, https://vitest.dev/guide/snapshot.html

exports[`<Header /> > when receives a header block with className > renders a <h2 className> 1`] = `"<!--qv --><h2 class=\\"header-block\\">Editor.js</h2><!--/qv-->"`;

exports[`<Header /> > when receives a header block with no title > renders a null element 1`] = `"<!--qv --><!--qv --><!--/qv--><!--/qv-->"`;

exports[`<Header /> > when receives an header level 2 block > renders a <h2> tag 1`] = `"<!--qv --><h2>Editor.js</h2><!--/qv-->"`;
