// Vitest Snapshot v1, https://vitest.dev/guide/snapshot.html

exports[`List > when receives a flat 'ordered' list block > renders a <ol> block 1`] = `"<!--qv --><!--qv --><ol><!--qv --><li><!--qv q:key q:sref=2 q:s--><span>It is a block-styled editor</span><!--/qv--></li><!--/qv--><!--qv --><li><!--qv q:key q:sref=3 q:s--><span>It returns clean <b>data output</b> in JSON</span><!--/qv--></li><!--/qv--><!--qv --><li><!--qv q:key q:sref=4 q:s--><span>Designed to be extendable and pluggable with a simple API</span><!--/qv--></li><!--/qv--></ol><!--/qv--><!--/qv-->"`;

exports[`List > when receives a flat 'unordered' list block > renders a <ul> block 1`] = `"<!--qv --><!--qv --><ul><!--qv --><li><!--qv q:key q:sref=2 q:s--><span>It is a block-styled editor</span><!--/qv--></li><!--/qv--><!--qv --><li><!--qv q:key q:sref=3 q:s--><span>It returns clean <b>data output</b> in JSON</span><!--/qv--></li><!--/qv--><!--qv --><li><!--qv q:key q:sref=4 q:s--><span>Designed to be extendable and pluggable with a simple API</span><!--/qv--></li><!--/qv--></ul><!--/qv--><!--/qv-->"`;

exports[`List > when receives a nested 'ordered' list block > and when className is provided > renders class to all <ol> blocks 1`] = `"<!--qv --><!--qv --><ol class=\\"list\\"><!--qv --><li><!--qv q:key q:sref=2 q:s--><span>It is a block-styled editor</span><!--/qv--></li><!--/qv--><!--qv --><li><!--qv q:key q:sref=3 q:s--><span>It returns clean data output in JSON</span><!--qv --><ol class=\\"list\\"><!--qv --><li><!--qv q:key q:sref=5 q:s--><span>Designed to be extendable and pluggable with a simple API</span><!--qv --><ol class=\\"list\\"><!--qv --><li><!--qv q:key q:sref=7 q:s--><span>Red</span><!--/qv--></li><!--/qv--><!--qv --><li><!--qv q:key q:sref=8 q:s--><span>Green</span><!--/qv--></li><!--/qv--></ol><!--/qv--><!--/qv--></li><!--/qv--></ol><!--/qv--><!--/qv--></li><!--/qv--><!--qv --><li><!--qv q:key q:sref=9 q:s--><span>It returns clean data output in JSON</span><!--/qv--></li><!--/qv--><!--qv --><li><!--qv q:key q:sref=a q:s--><span>Designed to be extendable and pluggable with a simple API</span><!--/qv--></li><!--/qv--></ol><!--/qv--><!--/qv-->"`;

exports[`List > when receives a nested 'ordered' list block > and when className is provided > renders class to all <ol> blocks 2`] = `"<!--qv --><!--qv --><ol class=\\"list-ul px-3 py-2\\"><!--qv --><li><!--qv q:key q:sref=2 q:s--><span>It is a block-styled editor</span><!--/qv--></li><!--/qv--><!--qv --><li><!--qv q:key q:sref=3 q:s--><span>It returns clean data output in JSON</span><!--qv --><ol class=\\"list-ul px-3 py-2\\"><!--qv --><li><!--qv q:key q:sref=5 q:s--><span>Designed to be extendable and pluggable with a simple API</span><!--qv --><ol class=\\"list-ul px-3 py-2\\"><!--qv --><li><!--qv q:key q:sref=7 q:s--><span>Red</span><!--/qv--></li><!--/qv--><!--qv --><li><!--qv q:key q:sref=8 q:s--><span>Green</span><!--/qv--></li><!--/qv--></ol><!--/qv--><!--/qv--></li><!--/qv--></ol><!--/qv--><!--/qv--></li><!--/qv--><!--qv --><li><!--qv q:key q:sref=9 q:s--><span>It returns clean data output in JSON</span><!--/qv--></li><!--/qv--><!--qv --><li><!--qv q:key q:sref=a q:s--><span>Designed to be extendable and pluggable with a simple API</span><!--/qv--></li><!--/qv--></ol><!--/qv--><!--/qv-->"`;

exports[`List > when receives a nested 'ordered' list block > renders a <ol> block 1`] = `"<!--qv --><!--qv --><ol><!--qv --><li><!--qv q:key q:sref=2 q:s--><span>It is a block-styled editor</span><!--/qv--></li><!--/qv--><!--qv --><li><!--qv q:key q:sref=3 q:s--><span>It returns clean data output in JSON</span><!--qv --><ol><!--qv --><li><!--qv q:key q:sref=5 q:s--><span>Designed to be extendable and pluggable with a simple API</span><!--qv --><ol><!--qv --><li><!--qv q:key q:sref=7 q:s--><span>Red</span><!--/qv--></li><!--/qv--><!--qv --><li><!--qv q:key q:sref=8 q:s--><span>Green</span><!--/qv--></li><!--/qv--></ol><!--/qv--><!--/qv--></li><!--/qv--></ol><!--/qv--><!--/qv--></li><!--/qv--><!--qv --><li><!--qv q:key q:sref=9 q:s--><span>It returns clean data output in JSON</span><!--/qv--></li><!--/qv--><!--qv --><li><!--qv q:key q:sref=a q:s--><span>Designed to be extendable and pluggable with a simple API</span><!--/qv--></li><!--/qv--></ol><!--/qv--><!--/qv-->"`;

exports[`List > when receives a nested 'unordered' list block > and when className is provided > renders class to all <ul> blocks 1`] = `"<!--qv --><!--qv --><ul class=\\"list\\"><!--qv --><li><!--qv q:key q:sref=2 q:s--><span>It is a block-styled editor</span><!--/qv--></li><!--/qv--><!--qv --><li><!--qv q:key q:sref=3 q:s--><span>It returns clean data output in JSON</span><!--qv --><ul class=\\"list\\"><!--qv --><li><!--qv q:key q:sref=5 q:s--><span>Designed to be extendable and pluggable with a simple API</span><!--qv --><ul class=\\"list\\"><!--qv --><li><!--qv q:key q:sref=7 q:s--><span>Red</span><!--/qv--></li><!--/qv--><!--qv --><li><!--qv q:key q:sref=8 q:s--><span>Green</span><!--/qv--></li><!--/qv--></ul><!--/qv--><!--/qv--></li><!--/qv--></ul><!--/qv--><!--/qv--></li><!--/qv--><!--qv --><li><!--qv q:key q:sref=9 q:s--><span>It returns clean data output in JSON</span><!--/qv--></li><!--/qv--><!--qv --><li><!--qv q:key q:sref=a q:s--><span>Designed to be extendable and pluggable with a simple API</span><!--/qv--></li><!--/qv--></ul><!--/qv--><!--/qv-->"`;

exports[`List > when receives a nested 'unordered' list block > and when className is provided > renders class to all <ul> blocks 2`] = `"<!--qv --><!--qv --><ul class=\\"list-ul px-3 py-2\\"><!--qv --><li><!--qv q:key q:sref=2 q:s--><span>It is a block-styled editor</span><!--/qv--></li><!--/qv--><!--qv --><li><!--qv q:key q:sref=3 q:s--><span>It returns clean data output in JSON</span><!--qv --><ul class=\\"list-ul px-3 py-2\\"><!--qv --><li><!--qv q:key q:sref=5 q:s--><span>Designed to be extendable and pluggable with a simple API</span><!--qv --><ul class=\\"list-ul px-3 py-2\\"><!--qv --><li><!--qv q:key q:sref=7 q:s--><span>Red</span><!--/qv--></li><!--/qv--><!--qv --><li><!--qv q:key q:sref=8 q:s--><span>Green</span><!--/qv--></li><!--/qv--></ul><!--/qv--><!--/qv--></li><!--/qv--></ul><!--/qv--><!--/qv--></li><!--/qv--><!--qv --><li><!--qv q:key q:sref=9 q:s--><span>It returns clean data output in JSON</span><!--/qv--></li><!--/qv--><!--qv --><li><!--qv q:key q:sref=a q:s--><span>Designed to be extendable and pluggable with a simple API</span><!--/qv--></li><!--/qv--></ul><!--/qv--><!--/qv-->"`;

exports[`List > when receives a nested 'unordered' list block > renders a <ul> block 1`] = `"<!--qv --><!--qv --><ul><!--qv --><li><!--qv q:key q:sref=2 q:s--><span>It is a block-styled editor</span><!--/qv--></li><!--/qv--><!--qv --><li><!--qv q:key q:sref=3 q:s--><span>It returns clean data output in JSON</span><!--qv --><ul><!--qv --><li><!--qv q:key q:sref=5 q:s--><span>Designed to be extendable and pluggable with a simple API</span><!--qv --><ul><!--qv --><li><!--qv q:key q:sref=7 q:s--><span>Red</span><!--/qv--></li><!--/qv--><!--qv --><li><!--qv q:key q:sref=8 q:s--><span>Green</span><!--/qv--></li><!--/qv--></ul><!--/qv--><!--/qv--></li><!--/qv--></ul><!--/qv--><!--/qv--></li><!--/qv--><!--qv --><li><!--qv q:key q:sref=9 q:s--><span>It returns clean data output in JSON</span><!--/qv--></li><!--/qv--><!--qv --><li><!--qv q:key q:sref=a q:s--><span>Designed to be extendable and pluggable with a simple API</span><!--/qv--></li><!--/qv--></ul><!--/qv--><!--/qv-->"`;
